origami.folding.FoldingTest.testFoldBirdbase=[
  {
    "points": {
      "0": "0.0,0.0",
      "1": "-200.0,-200.0",
      "2": "3.552713678800501E-14,-199.99999999999994",
      "3": "82.84271247461903,-199.99999999999991",
      "4": "3.326745181744446E-14,-282.84271247461896",
      "5": "-1.3727136093173251E-14,-117.15728752538094"
    },
    "lines": {
      "0": {
        "begin": 0,
        "end": 0,
        "color": "BLACK_0"
      },
      "1": {
        "begin": 1,
        "end": 2,
        "color": "BLUE_2"
      },
      "2": {
        "begin": 2,
        "end": 3,
        "color": "BLUE_2"
      },
      "3": {
        "begin": 2,
        "end": 4,
        "color": "BLUE_2"
      },
      "4": {
        "begin": 2,
        "end": 5,
        "color": "BLUE_2"
      },
      "5": {
        "begin": 1,
        "end": 5,
        "color": "RED_1"
      },
      "6": {
        "begin": 3,
        "end": 5,
        "color": "RED_1"
      },
      "7": {
        "begin": 1,
        "end": 4,
        "color": "RED_1"
      },
      "8": {
        "begin": 3,
        "end": 4,
        "color": "RED_1"
      }
    },
    "faces": {
      "0": {
        "pointIdList": [
          0,
          1,
          2,
          4
        ],
        "numPoints": 3,
        "icol": 0
      },
      "1": {
        "pointIdList": [
          0,
          1,
          5,
          2
        ],
        "numPoints": 3,
        "icol": 0
      },
      "2": {
        "pointIdList": [
          0,
          2,
          3,
          4
        ],
        "numPoints": 3,
        "icol": 0
      },
      "3": {
        "pointIdList": [
          0,
          2,
          5,
          3
        ],
        "numPoints": 3,
        "icol": 0
      },
      "4": {
        "pointIdList": [
          0,
          1,
          2,
          4
        ],
        "numPoints": 3,
        "icol": 0
      }
    }
  }
]